[22:49:10] [Render thread/INFO] [JMLogger] JourneyMap log initialized.
[22:49:10] [Render thread/INFO] [JourneymapClient] initialize ENTER
[22:49:10] [Render thread/INFO] [ClientAPI] [ClientAPI] built with JourneyMap API 2.0.0
[22:49:10] [Render thread/INFO] [PluginHelper] Initialized IJourneyMapPlugin as:com.simibubi.create.compat.trainmap.JourneyTrainMap: for:create
[22:49:10] [Render thread/INFO] [PluginHelper] Initialized IJourneyMapPlugin as:net.blay09.mods.waystones.compat.JourneyMapIntegration: for:waystones
[22:49:10] [Render thread/DEBUG] [JourneymapClient] Loading and Generating Journeymap configs
[22:49:11] [Render thread/WARN] [PropertiesBase] core (Initialized) Bad configField entry during updateFrom(): optionsManagerViewed=null
[22:49:11] [Render thread/WARN] [PropertiesBase] core (Initialized) Bad configField entry during updateFrom(): splashViewed=null
[22:49:11] [Render thread/INFO] [?] Version: JourneyMap 1.21.1-6.0.6, built with neoforge 0.116.7+1.21.1
neoforge: 21.1.244
Environment: os.name, os.arch, java.version, user.country, user.language=null, game language=en_us, locale=en_us
SP: : New World (1) : 
MP: : offline : 
Features: 
	RadarPlayers : singleplayer = true , multiplayer = true
	RadarAnimals : singleplayer = true , multiplayer = true
	RadarMobs : singleplayer = true , multiplayer = true
	RadarVillagers : singleplayer = true , multiplayer = true
	MapTopo : singleplayer = true , multiplayer = true
	MapSurface : singleplayer = true , multiplayer = true
	MapCaves : singleplayer = true , multiplayer = true
	MapBiome : singleplayer = true , multiplayer = true
MiniMapProperties{state=Valid, file=journeymap.minimap.config, configVersion=6.0.6, infoSlotTimeFormat=HH:mm:ss, zoomLevel=512, compassFontScale=1.0, infoSlotFontScale=1.0, terrainAlpha=100, showEntityNames=false, showPassiveNames=false, positionX=0.9, positionY=0.25, effectVertical=false, showPlayerHeading=true, sizePercent=30, playerDisplayScale=1.0, showDayNight=true, showPets=true, showPlayerNames=true, preferredMapType=day, showCompass=true, showNpcNames=false, mobDisplay=jm.common.entity_display.dots_and_outlined_icons, showHostileNames=false, systemTimeRealFormat=HH:mm:ss, shape=jm.minimap.shape_circle, showSelf=true, showVillagerNames=false, selfDisplayScale=1.0, showGrid=true, reticleOrientation=jm.minimap.orientation.compass, minimapLockedMapType=jm.common.map_type.auto, effectTranslateX=0, info3LabelPosition=jm.minimap.info_slot.bottom, showWaypoints=true, info2LabelPosition=jm.minimap.info_slot.top, minimapKeyMovementSpeed=0.001, info1LabelPosition=jm.minimap.info_slot.top, showAnimals=true, infoSlotAlpha=0.7, effectTranslateY=0, showWaypointLabels=true, showAmbientNames=false, moveEffectIcons=true, showTeamNames=true, position=jm.minimap.position_topright, fontScale=1.0, info4LabelPosition=jm.minimap.info_slot.bottom, showPlayers=true, waypointIconScale=1.0, frameAlpha=100, effectReversed=false, backgroundAlpha=0.8, enabled=true, showVillagers=true, info2Label=jm.theme.labelsource.gametime, hudRenderLayer=jm.minimap.hud_render_layer_last, info3Label=jm.theme.labelsource.location, caveLayer=4, showMobs=true, waypointLabelScale=1.0, showReticle=true, orientation=jm.minimap.orientation.north, info4Label=jm.theme.labelsource.biome, locationFormat=xzyv, playerDisplay=jm.common.entity_display.outlined_icons, mobDisplayScale=1.0, showOffScreenPlayers=true, showCaves=true, hideEffectIcons=false, showMobHeading=true, locationFormatVerbose=true, showAmbientCreatures=false, showPetNames=false, info1Label=jm.theme.labelsource.blank, showNoIconNames=true}
MiniMapProperties{state=Valid, file=journeymap.minimap2.config, configVersion=6.0.6, infoSlotTimeFormat=HH:mm:ss, zoomLevel=512, compassFontScale=1.0, infoSlotFontScale=1.0, terrainAlpha=100, showEntityNames=false, showPassiveNames=false, positionX=0.9, positionY=0.25, effectVertical=false, showPlayerHeading=true, sizePercent=30, playerDisplayScale=1.0, showDayNight=true, showPets=true, showPlayerNames=true, preferredMapType=day, showCompass=true, showNpcNames=false, mobDisplay=jm.common.entity_display.dots_and_outlined_icons, showHostileNames=false, systemTimeRealFormat=HH:mm:ss, shape=jm.minimap.shape_rectangle, showSelf=true, showVillagerNames=false, selfDisplayScale=1.0, showGrid=true, reticleOrientation=jm.minimap.orientation.compass, minimapLockedMapType=jm.common.map_type.auto, effectTranslateX=0, info3LabelPosition=jm.minimap.info_slot.bottom, showWaypoints=true, info2LabelPosition=jm.minimap.info_slot.top, minimapKeyMovementSpeed=0.001, info1LabelPosition=jm.minimap.info_slot.top, showAnimals=true, infoSlotAlpha=0.7, effectTranslateY=0, showWaypointLabels=true, showAmbientNames=false, moveEffectIcons=true, showTeamNames=true, position=jm.minimap.position_topright, fontScale=1.0, info4LabelPosition=jm.minimap.info_slot.bottom, showPlayers=true, waypointIconScale=1.0, frameAlpha=100, effectReversed=false, backgroundAlpha=0.8, enabled=true, showVillagers=true, info2Label=jm.theme.labelsource.gametime, hudRenderLayer=jm.minimap.hud_render_layer_last, info3Label=jm.theme.labelsource.location, caveLayer=4, showMobs=true, waypointLabelScale=1.0, showReticle=true, orientation=jm.minimap.orientation.north, info4Label=jm.theme.labelsource.biome, locationFormat=xzyv, playerDisplay=jm.common.entity_display.outlined_icons, mobDisplayScale=1.0, showOffScreenPlayers=true, showCaves=true, hideEffectIcons=false, showMobHeading=true, locationFormatVerbose=true, showAmbientCreatures=false, showPetNames=false, info1Label=jm.theme.labelsource.blank, showNoIconNames=true}
FullMapProperties{state=Valid, file=journeymap.fullmap.config, configVersion=6.0.6, zoomLevel=512, minimalMode=false, showPlayers=true, waypointIconScale=1.0, showEntityNames=false, showPassiveNames=false, showPlayerHeading=true, showVillagers=true, showPlayerLoc=true, showKeys=true, playerDisplayScale=1.0, showMobs=true, showPets=true, waypointLabelScale=1.0, showPlayerNames=true, preferredMapType=day, showNpcNames=false, mobDisplay=jm.common.entity_display.dots_and_outlined_icons, showHostileNames=false, pauseGame=false, showSelf=true, locationFormat=xzyv, playerDisplay=jm.common.entity_display.outlined_icons, showVillagerNames=false, mobDisplayScale=1.0, selfDisplayScale=1.0, showOffScreenPlayers=true, showGrid=true, showMouseLoc=true, showWaypoints=true, showCaves=true, showThemeButton=true, showAnimals=true, showMobHeading=true, showWaypointLabels=true, locationFormatVerbose=true, showAmbientNames=false, showAmbientCreatures=false, showTeamNames=true, showPetNames=false, fontScale=1.0, showNoIconNames=true}
WaypointProperties{state=Valid, file=journeymap.waypoint.config, configVersion=6.0.6, autoRemoveDeathpointDistance=2, showPlayers=false, dateFormat=MM-dd-yyyy, autoHideIconAngle=5, playerMaxDistance=0, autoRemoveDeathpoints=false, autoHideIcon=false, autoHideLabelAngle=5, renderWaypointsWorld=true, showLabelBackground=true, showDeleteConfirmation=true, managerDimensionFocus=false, fullscreenDoubleClickToCreate=true, minDistance=4, coordinatesFormat=XZY, boldLabel=false, disableShare=false, showDeathpointlabel=true, autoHideLabelVertical=true, textureSmall=true, useActionsButton=false, beaconEnabled=true, createDeathpoints=true, disableStrikeThrough=false, renderWaypointsMap=true, showName=true, autoHideLabelVerticalAngle=10, maxDistance=0, ignoreRenderDistance=false, autoHideLabel=true, autoRemoveTempWaypoints=2, teleportCommand=/execute in {dim} run tp {name} {x} {y} {z}, showStaticBeam=true, renderWaypoints=true, wholeNumberTeleportCoords=false, timeFormat=HH:mm:ss, shaderBeacon=false, playerMinDistance=10, showDistance=true, showRotatingBeam=true, fontScale=2.0, managerEnabled=true}
WebMapProperties{state=Valid, file=journeymap.webmap.config, configVersion=6.0.6, port=8080, enabled=false}
CoreProperties{state=Valid, file=journeymap.core.config, configVersion=6.0.6, maxPlayersData=32, mapSurfaceAboveCaves=true, dataCachingEnabled=true, maxAmbientCreaturesData=32, optionsManagerViewed=null, announceMod=true, ignoreSnow=false, colorPassive=#bbbbbb, colorPassiveLabel=#bbbbbb, mapShadows=true, mapBlendWater=true, playerIconFade=true, renderDistanceSurfaceMax=0, seedId=false, colorPetLabel=#0077ff, radarVerticalDistance=16, mapBlendGrass=true, recordCacheStats=false, hideSneakingEntities=true, initialSortOrder=Name, colorPlayerLabel=#ffffff, revealShape=jm.minimap.shape_circle, mapBiome=true, minimapPresetOverlay=true, caveShader=jm.common.map_filter.default, colorVillagerLabel=#88e188, alwaysMapSurface=false, biomeShader=jm.common.map_filter.default, colorVillager=#88e188, mapPlants=false, colorPet=#0077ff, sortDescending=true, radarLateralDistance=64, mapBathymetry=false, mapCrops=true, maxMobsData=32, dayShader=jm.common.map_filter.default, mapPlantShadows=false, alwaysMapCaves=false, checkUpdates=true, colorHostileLabel=#ff0000, mapBlendFoliage=true, netherSurfaceLighting=true, topoMax=0, hideSpectators=false, mappingEnabled=true, colorPlayer=#ffffff, cacheVillagersData=2000, minimapMapTypeOverlay=true, logLevel=INFO, maxVillagersData=32, mapWaterBiomeColors=true, maxAnimalsData=32, mapTransparency=true, caveBlackAsClear=false, caveModeThreshold=2, legacyIcons=false, netherShader=jm.common.map_filter.default, caveIgnoreGlass=true, mapTopography=true, renderDistanceCaveMax=0, mapAntialiasing=true, colorSelf=#0000ff, cachePlayersData=2000, mapOnlyPlayerChunk=false, nightShader=jm.common.map_filter.default, cacheMobsData=3000, drawStepUpdateRate=500, cachePlayerData=1000, splashViewed=null, colorHostile=#ff0000, topoShader=jm.common.map_filter.default, allowMiniMapBehindScreens=true, cacheAnimalsData=3000, ignoreHeightmaps=false, lodsEnabled=true, themeName=Purist, mapCaveLighting=true, renderDelay=500, mobIconFade=true, serverIp=false, glErrorChecking=false, autoMapPoll=2000}
[22:49:11] [Render thread/INFO] [JourneymapClient] initialize EXIT, elapsed count 1 avg 279,87ms
[22:49:38] [Render thread/INFO] [JourneymapClientNeoForge] Journeymap PostInit
[22:49:38] [Render thread/DEBUG] [JourneymapClient] postInitialize ENTER
[22:49:38] [Render thread/TRACE] [ThemeLoader] Initializing themes ...
[22:49:38] [Render thread/INFO] [NeoForgeHooks] ModFileLocation:file:/C:/Users/schul/AppData/Roaming/PrismLauncher/instances/GemodedIstGeilV2/minecraft/mods/journeymap-neoforge-1.21.1-6.0.6.jar
[22:49:38] [Render thread/DEBUG] [FileHandler] ZipFilePath:C:/Users/schul/AppData/Roaming/PrismLauncher/instances/GemodedIstGeilV2/minecraft/mods/journeymap-neoforge-1.21.1-6.0.6.jar zipEntryName:assets/journeymap/theme/victorian_ destDir:C:\Users\schul\AppData\Roaming\PrismLauncher\instances\GemodedIstGeilV2\minecraft\journeymap\icon\theme\victorian_ overWrite:true fromPath:C:/Users/schul/AppData/Roaming/PrismLauncher/instances/GemodedIstGeilV2/minecraft/mods/journeymap-neoforge-1.21.1-6.0.6.jar
[22:49:39] [Render thread/INFO] [NeoForgeHooks] ModFileLocation:file:/C:/Users/schul/AppData/Roaming/PrismLauncher/instances/GemodedIstGeilV2/minecraft/mods/journeymap-neoforge-1.21.1-6.0.6.jar
[22:49:39] [Render thread/DEBUG] [FileHandler] ZipFilePath:C:/Users/schul/AppData/Roaming/PrismLauncher/instances/GemodedIstGeilV2/minecraft/mods/journeymap-neoforge-1.21.1-6.0.6.jar zipEntryName:assets/journeymap/theme/flat destDir:C:\Users\schul\AppData\Roaming\PrismLauncher\instances\GemodedIstGeilV2\minecraft\journeymap\icon\theme\flat overWrite:true fromPath:C:/Users/schul/AppData/Roaming/PrismLauncher/instances/GemodedIstGeilV2/minecraft/mods/journeymap-neoforge-1.21.1-6.0.6.jar
[22:49:39] [Render thread/INFO] [NeoForgeHooks] ModFileLocation:file:/C:/Users/schul/AppData/Roaming/PrismLauncher/instances/GemodedIstGeilV2/minecraft/mods/journeymap-neoforge-1.21.1-6.0.6.jar
[22:49:39] [Render thread/DEBUG] [FileHandler] ZipFilePath:C:/Users/schul/AppData/Roaming/PrismLauncher/instances/GemodedIstGeilV2/minecraft/mods/journeymap-neoforge-1.21.1-6.0.6.jar zipEntryName:assets/journeymap/theme/vault_flat destDir:C:\Users\schul\AppData\Roaming\PrismLauncher\instances\GemodedIstGeilV2\minecraft\journeymap\icon\theme\vault_flat overWrite:true fromPath:C:/Users/schul/AppData/Roaming/PrismLauncher/instances/GemodedIstGeilV2/minecraft/mods/journeymap-neoforge-1.21.1-6.0.6.jar
[22:49:39] [Render thread/INFO] [NeoForgeHooks] ModFileLocation:file:/C:/Users/schul/AppData/Roaming/PrismLauncher/instances/GemodedIstGeilV2/minecraft/mods/journeymap-neoforge-1.21.1-6.0.6.jar
[22:49:39] [Render thread/DEBUG] [FileHandler] ZipFilePath:C:/Users/schul/AppData/Roaming/PrismLauncher/instances/GemodedIstGeilV2/minecraft/mods/journeymap-neoforge-1.21.1-6.0.6.jar zipEntryName:assets/journeymap/theme/vault destDir:C:\Users\schul\AppData\Roaming\PrismLauncher\instances\GemodedIstGeilV2\minecraft\journeymap\icon\theme\vault overWrite:true fromPath:C:/Users/schul/AppData/Roaming/PrismLauncher/instances/GemodedIstGeilV2/minecraft/mods/journeymap-neoforge-1.21.1-6.0.6.jar
[22:49:40] [Render thread/INFO] [ThemeLoader] Preloaded theme textures: 73
[22:49:40] [Render thread/DEBUG] [StatTimer] elapsed was slow: 1275.783001
[22:49:40] [Render thread/INFO] [JourneymapClient] postInitialize EXIT, elapsed count 1 avg 1275,78ms
[22:49:50] [Render thread/INFO] [ColorPalette] Color palette file generated for 0 blockstates in 0ms for: Default Palette
[22:53:10] [Render thread/INFO] [PlayerConnectHandler] onDisconnect: world is null
[22:53:11] [Render thread/INFO] [PlayerConnectHandler] onDisconnect: world is null
[22:59:51] [Render thread/INFO] [PlayerConnectHandler] onDisconnect: world is null
[23:02:23] [Render thread/INFO] [PlayerConnectHandler] onDisconnect: world is null
[23:16:30] [Render thread/INFO] [PlayerConnectHandler] onDisconnect: world is null
[23:17:00] [Render thread/INFO] [JourneymapClient] World UID is set to: f0912d47-2964-45ec-aa63-0f8e1d6ccf93
[23:17:01] [Render thread/INFO] [InternalStateHandler] Connection initiated with Journeymap Server: true
[23:17:01] [Render thread/INFO] [InternalStateHandler] Teleport Enabled: true
[23:17:01] [Render thread/INFO] [InternalStateHandler] Server set waypointTeleportOnly: false
[23:17:01] [Render thread/INFO] [InternalStateHandler] Server set globalWaypointTeleportOnly: false
[23:17:01] [Render thread/INFO] [InternalStateHandler] Expanded Radar Enabled: true
[23:17:01] [Render thread/INFO] [InternalStateHandler] Server Admin Enabled: true
[23:17:01] [Render thread/INFO] [InternalStateHandler] Server set show in-game beacons: true
[23:17:01] [Render thread/INFO] [InternalStateHandler] Server set waypoints allowed: true
[23:17:01] [Render thread/INFO] [InternalStateHandler] Server set Server Admin read only mode: true
[23:17:01] [Render thread/INFO] [InternalStateHandler] Server set maxSurfaceRenderDistance to: 0
[23:17:01] [Render thread/INFO] [InternalStateHandler] Server setmaxCaveRenderDistance to: 0
[23:17:01] [Render thread/INFO] [InternalStateHandler] Server set allow mutliplayer options: true
[23:17:01] [Render thread/INFO] [InternalStateHandler] Server set globalWaypointsOnly: false
[23:17:01] [Render thread/INFO] [InternalStateHandler] Server set allow radarLateralDistance options: 512
[23:17:01] [Render thread/INFO] [InternalStateHandler] Server set allow radarVerticalDistance options: 320
[23:17:01] [Render thread/INFO] [InternalStateHandler] Server set allow maxAnimalsData options: 128
[23:17:01] [Render thread/INFO] [InternalStateHandler] Server set allow maxAmbientCreaturesData options: 128
[23:17:01] [Render thread/INFO] [InternalStateHandler] Server set allow maxMobsData options: 128
[23:17:01] [Render thread/INFO] [InternalStateHandler] Server set allow maxPlayersData options: 128
[23:17:01] [Render thread/INFO] [InternalStateHandler] Server set allow maxVillagersData options: 128
[23:17:01] [Render thread/INFO] [InternalStateHandler] Server set allow playerRadarNamesEnabled options: true
[23:17:01] [Render thread/INFO] [InternalStateHandler] Server set allow minimapEnabled options: true
[23:17:01] [Render thread/INFO] [InternalStateHandler] Server set allow hideCoordinates options: false
[23:17:02] [Render thread/INFO] [HandshakePacket] JourneyMap server version: 6.0.6 (client version: 6.0.6)
[23:17:02] [Render thread/INFO] [InternalStateHandler] Connection initiated with Journeymap Server: true
[23:17:02] [Render thread/INFO] [InternalStateHandler] Teleport Enabled: true
[23:17:02] [Render thread/INFO] [InternalStateHandler] Server set waypointTeleportOnly: false
[23:17:02] [Render thread/INFO] [InternalStateHandler] Server set globalWaypointTeleportOnly: false
[23:17:02] [Render thread/INFO] [InternalStateHandler] Expanded Radar Enabled: true
[23:17:02] [Render thread/INFO] [InternalStateHandler] Server Admin Enabled: true
[23:17:02] [Render thread/INFO] [InternalStateHandler] Server set show in-game beacons: true
[23:17:02] [Render thread/INFO] [InternalStateHandler] Server set waypoints allowed: true
[23:17:02] [Render thread/INFO] [InternalStateHandler] Server set Server Admin read only mode: true
[23:17:02] [Render thread/INFO] [InternalStateHandler] Server set maxSurfaceRenderDistance to: 0
[23:17:02] [Render thread/INFO] [InternalStateHandler] Server setmaxCaveRenderDistance to: 0
[23:17:02] [Render thread/INFO] [InternalStateHandler] Server set allow mutliplayer options: true
[23:17:02] [Render thread/INFO] [InternalStateHandler] Server set globalWaypointsOnly: false
[23:17:02] [Render thread/INFO] [InternalStateHandler] Server set allow radarLateralDistance options: 512
[23:17:02] [Render thread/INFO] [InternalStateHandler] Server set allow radarVerticalDistance options: 320
[23:17:02] [Render thread/INFO] [InternalStateHandler] Server set allow maxAnimalsData options: 128
[23:17:02] [Render thread/INFO] [InternalStateHandler] Server set allow maxAmbientCreaturesData options: 128
[23:17:02] [Render thread/INFO] [InternalStateHandler] Server set allow maxMobsData options: 128
[23:17:02] [Render thread/INFO] [InternalStateHandler] Server set allow maxPlayersData options: 128
[23:17:02] [Render thread/INFO] [InternalStateHandler] Server set allow maxVillagersData options: 128
[23:17:02] [Render thread/INFO] [InternalStateHandler] Server set allow playerRadarNamesEnabled options: true
[23:17:02] [Render thread/INFO] [InternalStateHandler] Server set allow minimapEnabled options: true
[23:17:02] [Render thread/INFO] [InternalStateHandler] Server set allow hideCoordinates options: false
[23:17:02] [Render thread/INFO] [HandshakePacket] JourneyMap server version: 6.0.6 (client version: 6.0.6)
[23:17:05] [Render thread/INFO] [ModBlockDelegate] Custom modded block handling enabled for create
[23:17:05] [Render thread/WARN] [JMLogger] Image is null: alexsmobs:textures/entity_icon/raccoon.png
[23:17:05] [Render thread/WARN] [JMLogger] Image is null: alexsmobs:textures/entity_icon/fly.png
[23:17:05] [Render thread/WARN] [JMLogger] Image is null: cobblemon:textures/entity_icon/0263_zigzagoon/zigzagoon.png
[23:17:06] [Render thread/WARN] [PropertiesBase] core (Initialized) Bad configField entry during updateFrom(): optionsManagerViewed=null
[23:17:06] [Render thread/WARN] [PropertiesBase] core (Initialized) Bad configField entry during updateFrom(): splashViewed=null
[23:17:06] [Render thread/INFO] [WaypointGroupStore] Loaded 0 waypoint groups from disk.
[23:17:06] [Render thread/INFO] [LegacyWaypointFileMigrator] 0 Legacy waypoints found that need to be migrated and backed up.
[23:17:06] [Render thread/INFO] [ColorPalette] Color palette file generated for 0 blockstates in 0ms for: C:\Users\schul\AppData\Roaming\PrismLauncher\instances\GemodedIstGeilV2\minecraft\journeymap\colorpalette.json
[23:17:06] [Render thread/INFO] [ColorPalette] Color palette file generated for 0 blockstates in 1ms for: C:\Users\schul\AppData\Roaming\PrismLauncher\instances\GemodedIstGeilV2\minecraft\journeymap\data\mp\Minecraft~Server_f0912d47~2964~45ec~aa63~0f8e1d6ccf93\colorpalette.json
[23:17:06] [Render thread/INFO] [JourneymapClient] Mapping started in C:\Users\schul\AppData\Roaming\PrismLauncher\instances\GemodedIstGeilV2\minecraft\journeymap\data\mp\Minecraft~Server_f0912d47~2964~45ec~aa63~0f8e1d6ccf93\overworld. Memory: 16384MB total, 7756MB free 
[23:17:06] [Render thread/INFO] [JMChunkCache] JMChunkCache: opened at C:\Users\schul\AppData\Roaming\PrismLauncher\instances\GemodedIstGeilV2\minecraft\journeymap\data\mp\Minecraft~Server_f0912d47~2964~45ec~aa63~0f8e1d6ccf93\overworld\chunk_cache
[23:17:06] [Render thread/INFO] [WaypointHandler] WaypointBackend selected: Server (was=null, shouldBeRemote=true, isJMServer=true, serverManagedWP=true, isServerManagedWaypointConnection=true, hasSingleplayerServer=false)
[23:17:06] [Render thread/INFO] [ChatLog] JourneyMap: Press [J]
[23:17:06] [Render thread/INFO] [InternalStateHandler] Connection initiated with Journeymap Server: true
[23:17:06] [Render thread/INFO] [InternalStateHandler] Teleport Enabled: true
[23:17:06] [Render thread/INFO] [InternalStateHandler] Server set waypointTeleportOnly: false
[23:17:06] [Render thread/INFO] [InternalStateHandler] Server set globalWaypointTeleportOnly: false
[23:17:06] [Render thread/INFO] [InternalStateHandler] Expanded Radar Enabled: true
[23:17:06] [Render thread/INFO] [InternalStateHandler] Server Admin Enabled: true
[23:17:06] [Render thread/INFO] [InternalStateHandler] Server set show in-game beacons: true
[23:17:06] [Render thread/INFO] [InternalStateHandler] Server set waypoints allowed: true
[23:17:06] [Render thread/INFO] [InternalStateHandler] Server set Server Admin read only mode: true
[23:17:06] [Render thread/INFO] [InternalStateHandler] Server set maxSurfaceRenderDistance to: 0
[23:17:06] [Render thread/INFO] [InternalStateHandler] Server setmaxCaveRenderDistance to: 0
[23:17:06] [Render thread/INFO] [InternalStateHandler] Server set allow mutliplayer options: true
[23:17:06] [Render thread/INFO] [InternalStateHandler] Server set globalWaypointsOnly: false
[23:17:06] [Render thread/INFO] [InternalStateHandler] Server set allow radarLateralDistance options: 512
[23:17:06] [Render thread/INFO] [InternalStateHandler] Server set allow radarVerticalDistance options: 320
[23:17:06] [Render thread/INFO] [InternalStateHandler] Server set allow maxAnimalsData options: 128
[23:17:06] [Render thread/INFO] [InternalStateHandler] Server set allow maxAmbientCreaturesData options: 128
[23:17:06] [Render thread/INFO] [InternalStateHandler] Server set allow maxMobsData options: 128
[23:17:06] [Render thread/INFO] [InternalStateHandler] Server set allow maxPlayersData options: 128
[23:17:06] [Render thread/INFO] [InternalStateHandler] Server set allow maxVillagersData options: 128
[23:17:06] [Render thread/INFO] [InternalStateHandler] Server set allow playerRadarNamesEnabled options: true
[23:17:06] [Render thread/INFO] [InternalStateHandler] Server set allow minimapEnabled options: true
[23:17:06] [Render thread/INFO] [InternalStateHandler] Server set allow hideCoordinates options: false
[23:17:06] [Render thread/INFO] [InternalStateHandler] Connection initiated with Journeymap Server: true
[23:17:06] [Render thread/INFO] [InternalStateHandler] Teleport Enabled: true
[23:17:06] [Render thread/INFO] [InternalStateHandler] Server set waypointTeleportOnly: false
[23:17:06] [Render thread/INFO] [InternalStateHandler] Server set globalWaypointTeleportOnly: false
[23:17:06] [Render thread/INFO] [InternalStateHandler] Expanded Radar Enabled: true
[23:17:06] [Render thread/INFO] [InternalStateHandler] Server Admin Enabled: true
[23:17:06] [Render thread/INFO] [InternalStateHandler] Server set show in-game beacons: true
[23:17:06] [Render thread/INFO] [InternalStateHandler] Server set waypoints allowed: true
[23:17:06] [Render thread/INFO] [InternalStateHandler] Server set Server Admin read only mode: true
[23:17:06] [Render thread/INFO] [InternalStateHandler] Server set maxSurfaceRenderDistance to: 0
[23:17:06] [Render thread/INFO] [InternalStateHandler] Server setmaxCaveRenderDistance to: 0
[23:17:06] [Render thread/INFO] [InternalStateHandler] Server set allow mutliplayer options: true
[23:17:06] [Render thread/INFO] [InternalStateHandler] Server set globalWaypointsOnly: false
[23:17:06] [Render thread/INFO] [InternalStateHandler] Server set allow radarLateralDistance options: 512
[23:17:06] [Render thread/INFO] [InternalStateHandler] Server set allow radarVerticalDistance options: 320
[23:17:06] [Render thread/INFO] [InternalStateHandler] Server set allow maxAnimalsData options: 128
[23:17:06] [Render thread/INFO] [InternalStateHandler] Server set allow maxAmbientCreaturesData options: 128
[23:17:06] [Render thread/INFO] [InternalStateHandler] Server set allow maxMobsData options: 128
[23:17:06] [Render thread/INFO] [InternalStateHandler] Server set allow maxPlayersData options: 128
[23:17:06] [Render thread/INFO] [InternalStateHandler] Server set allow maxVillagersData options: 128
[23:17:06] [Render thread/INFO] [InternalStateHandler] Server set allow playerRadarNamesEnabled options: true
[23:17:06] [Render thread/INFO] [InternalStateHandler] Server set allow minimapEnabled options: true
[23:17:06] [Render thread/INFO] [InternalStateHandler] Server set allow hideCoordinates options: false
[23:17:33] [Render thread/WARN] [JMLogger] Image is null: cobblemon:textures/entity_icon/0019_rattata/rattata.png
[23:18:05] [Render thread/WARN] [JMLogger] Image is null: alexsmobs:textures/entity_icon/raccoon.png
[23:18:05] [Render thread/WARN] [JMLogger] Image is null: alexsmobs:textures/entity_icon/fly.png
[23:18:05] [Render thread/WARN] [JMLogger] Image is null: cobblemon:textures/entity_icon/0263_zigzagoon/zigzagoon.png
[23:18:10] [Render thread/WARN] [JMLogger] Image is null: cobblemon:textures/entity_icon/0517_munna/munna.png
[23:22:17] [Render thread/INFO] [TextureCache] [JourneyMap]: Purging Theme Images
[23:22:17] [Render thread/INFO] [TextureCache] [JourneyMap]: Purging Region Images
[23:22:18] [Render thread/INFO] [TextureCache] [JourneyMap]: Purging Mob Icon Images
[23:22:18] [Render thread/INFO] [WaypointGroupStore] Loaded 0 waypoint groups from disk.
[23:22:18] [Render thread/INFO] [WaypointStore] Loaded 0 waypoints from disk.
[23:22:18] [Render thread/INFO] [LegacyWaypointFileMigrator] 0 Legacy waypoints found that need to be migrated and backed up.
[23:22:18] [Render thread/INFO] [WaypointHandler] WaypointBackend selected: Server (was=null, shouldBeRemote=true, isJMServer=true, serverManagedWP=true, isServerManagedWaypointConnection=true, hasSingleplayerServer=false)
[23:22:18] [Render thread/INFO] [JourneymapClient] Mapping halted in C:\Users\schul\AppData\Roaming\PrismLauncher\instances\GemodedIstGeilV2\minecraft\journeymap\data\mp\Minecraft~Server_f0912d47~2964~45ec~aa63~0f8e1d6ccf93\minecraft:overworld
[23:22:18] [Render thread/INFO] [JourneymapClient] Mapping halted in C:\Users\schul\AppData\Roaming\PrismLauncher\instances\GemodedIstGeilV2\minecraft\journeymap\data\mp\Minecraft~Server_f0912d47~2964~45ec~aa63~0f8e1d6ccf93\minecraft:overworld
[23:22:18] [Render thread/INFO] [WaypointHandler] WaypointBackend selected: Client (was=Server, shouldBeRemote=false, isJMServer=false, serverManagedWP=false, isServerManagedWaypointConnection=false, hasSingleplayerServer=false)
[23:22:18] [Render thread/INFO] [JourneymapClient] World UID is set to: null
[23:22:36] [Render thread/INFO] [PlayerConnectHandler] onDisconnect: world is null
[23:23:34] [Render thread/INFO] [JourneymapClient] World UID is set to: f0912d47-2964-45ec-aa63-0f8e1d6ccf93
[23:23:34] [Render thread/INFO] [InternalStateHandler] Connection initiated with Journeymap Server: true
[23:23:34] [Render thread/INFO] [InternalStateHandler] Teleport Enabled: true
[23:23:34] [Render thread/INFO] [InternalStateHandler] Server set waypointTeleportOnly: false
[23:23:34] [Render thread/INFO] [InternalStateHandler] Server set globalWaypointTeleportOnly: false
[23:23:34] [Render thread/INFO] [InternalStateHandler] Expanded Radar Enabled: true
[23:23:34] [Render thread/INFO] [InternalStateHandler] Server Admin Enabled: true
[23:23:34] [Render thread/INFO] [InternalStateHandler] Server set show in-game beacons: true
[23:23:34] [Render thread/INFO] [InternalStateHandler] Server set waypoints allowed: true
[23:23:34] [Render thread/INFO] [InternalStateHandler] Server set Server Admin read only mode: true
[23:23:34] [Render thread/INFO] [InternalStateHandler] Server set maxSurfaceRenderDistance to: 0
[23:23:34] [Render thread/INFO] [InternalStateHandler] Server setmaxCaveRenderDistance to: 0
[23:23:34] [Render thread/INFO] [InternalStateHandler] Server set allow mutliplayer options: true
[23:23:34] [Render thread/INFO] [InternalStateHandler] Server set globalWaypointsOnly: false
[23:23:34] [Render thread/INFO] [InternalStateHandler] Server set allow radarLateralDistance options: 512
[23:23:34] [Render thread/INFO] [InternalStateHandler] Server set allow radarVerticalDistance options: 320
[23:23:34] [Render thread/INFO] [InternalStateHandler] Server set allow maxAnimalsData options: 128
[23:23:34] [Render thread/INFO] [InternalStateHandler] Server set allow maxAmbientCreaturesData options: 128
[23:23:34] [Render thread/INFO] [InternalStateHandler] Server set allow maxMobsData options: 128
[23:23:34] [Render thread/INFO] [InternalStateHandler] Server set allow maxPlayersData options: 128
[23:23:34] [Render thread/INFO] [InternalStateHandler] Server set allow maxVillagersData options: 128
[23:23:34] [Render thread/INFO] [InternalStateHandler] Server set allow playerRadarNamesEnabled options: true
[23:23:34] [Render thread/INFO] [InternalStateHandler] Server set allow minimapEnabled options: true
[23:23:34] [Render thread/INFO] [InternalStateHandler] Server set allow hideCoordinates options: false
[23:23:34] [Render thread/INFO] [HandshakePacket] JourneyMap server version: 6.0.6 (client version: 6.0.6)
[23:23:34] [Render thread/INFO] [InternalStateHandler] Connection initiated with Journeymap Server: true
[23:23:34] [Render thread/INFO] [InternalStateHandler] Teleport Enabled: true
[23:23:34] [Render thread/INFO] [InternalStateHandler] Server set waypointTeleportOnly: false
[23:23:34] [Render thread/INFO] [InternalStateHandler] Server set globalWaypointTeleportOnly: false
[23:23:34] [Render thread/INFO] [InternalStateHandler] Expanded Radar Enabled: true
[23:23:34] [Render thread/INFO] [InternalStateHandler] Server Admin Enabled: true
[23:23:34] [Render thread/INFO] [InternalStateHandler] Server set show in-game beacons: true
[23:23:34] [Render thread/INFO] [InternalStateHandler] Server set waypoints allowed: true
[23:23:34] [Render thread/INFO] [InternalStateHandler] Server set Server Admin read only mode: true
[23:23:34] [Render thread/INFO] [InternalStateHandler] Server set maxSurfaceRenderDistance to: 0
[23:23:34] [Render thread/INFO] [InternalStateHandler] Server setmaxCaveRenderDistance to: 0
[23:23:34] [Render thread/INFO] [InternalStateHandler] Server set allow mutliplayer options: true
[23:23:34] [Render thread/INFO] [InternalStateHandler] Server set globalWaypointsOnly: false
[23:23:34] [Render thread/INFO] [InternalStateHandler] Server set allow radarLateralDistance options: 512
[23:23:34] [Render thread/INFO] [InternalStateHandler] Server set allow radarVerticalDistance options: 320
[23:23:34] [Render thread/INFO] [InternalStateHandler] Server set allow maxAnimalsData options: 128
[23:23:34] [Render thread/INFO] [InternalStateHandler] Server set allow maxAmbientCreaturesData options: 128
[23:23:34] [Render thread/INFO] [InternalStateHandler] Server set allow maxMobsData options: 128
[23:23:34] [Render thread/INFO] [InternalStateHandler] Server set allow maxPlayersData options: 128
[23:23:34] [Render thread/INFO] [InternalStateHandler] Server set allow maxVillagersData options: 128
[23:23:34] [Render thread/INFO] [InternalStateHandler] Server set allow playerRadarNamesEnabled options: true
[23:23:34] [Render thread/INFO] [InternalStateHandler] Server set allow minimapEnabled options: true
[23:23:34] [Render thread/INFO] [InternalStateHandler] Server set allow hideCoordinates options: false
[23:23:35] [Render thread/INFO] [HandshakePacket] JourneyMap server version: 6.0.6 (client version: 6.0.6)
[23:23:35] [Render thread/WARN] [PropertiesBase] core (Initialized) Bad configField entry during updateFrom(): optionsManagerViewed=null
[23:23:35] [Render thread/INFO] [WaypointGroupStore] Loaded 0 waypoint groups from disk.
[23:23:35] [Render thread/INFO] [LegacyWaypointFileMigrator] 0 Legacy waypoints found that need to be migrated and backed up.
[23:23:35] [Render thread/INFO] [ColorPalette] Color palette file generated for 0 blockstates in 1ms for: C:\Users\schul\AppData\Roaming\PrismLauncher\instances\GemodedIstGeilV2\minecraft\journeymap\colorpalette.json
[23:23:36] [Render thread/INFO] [ColorPalette] Color palette file generated for 0 blockstates in 1ms for: C:\Users\schul\AppData\Roaming\PrismLauncher\instances\GemodedIstGeilV2\minecraft\journeymap\data\mp\Minecraft~Server_f0912d47~2964~45ec~aa63~0f8e1d6ccf93\colorpalette.json
[23:23:36] [Render thread/INFO] [JourneymapClient] Mapping started in C:\Users\schul\AppData\Roaming\PrismLauncher\instances\GemodedIstGeilV2\minecraft\journeymap\data\mp\Minecraft~Server_f0912d47~2964~45ec~aa63~0f8e1d6ccf93\overworld. Memory: 16384MB total, 7798MB free 
[23:23:36] [Render thread/INFO] [JMChunkCache] JMChunkCache: opened at C:\Users\schul\AppData\Roaming\PrismLauncher\instances\GemodedIstGeilV2\minecraft\journeymap\data\mp\Minecraft~Server_f0912d47~2964~45ec~aa63~0f8e1d6ccf93\overworld\chunk_cache
[23:23:36] [Render thread/INFO] [WaypointHandler] WaypointBackend selected: Server (was=null, shouldBeRemote=true, isJMServer=true, serverManagedWP=true, isServerManagedWaypointConnection=true, hasSingleplayerServer=false)
[23:23:36] [Render thread/WARN] [JMLogger] Image is null: cobblemon:textures/entity_icon/0530_excadrill/excadrill.png
[23:23:36] [Render thread/INFO] [InternalStateHandler] Connection initiated with Journeymap Server: true
[23:23:36] [Render thread/INFO] [InternalStateHandler] Teleport Enabled: true
[23:23:36] [Render thread/INFO] [InternalStateHandler] Server set waypointTeleportOnly: false
[23:23:36] [Render thread/INFO] [InternalStateHandler] Server set globalWaypointTeleportOnly: false
[23:23:36] [Render thread/INFO] [InternalStateHandler] Expanded Radar Enabled: true
[23:23:36] [Render thread/INFO] [InternalStateHandler] Server Admin Enabled: true
[23:23:36] [Render thread/INFO] [InternalStateHandler] Server set show in-game beacons: true
[23:23:36] [Render thread/INFO] [InternalStateHandler] Server set waypoints allowed: true
[23:23:36] [Render thread/INFO] [InternalStateHandler] Server set Server Admin read only mode: true
[23:23:36] [Render thread/INFO] [InternalStateHandler] Server set maxSurfaceRenderDistance to: 0
[23:23:36] [Render thread/INFO] [InternalStateHandler] Server setmaxCaveRenderDistance to: 0
[23:23:36] [Render thread/INFO] [InternalStateHandler] Server set allow mutliplayer options: true
[23:23:36] [Render thread/INFO] [InternalStateHandler] Server set globalWaypointsOnly: false
[23:23:36] [Render thread/INFO] [InternalStateHandler] Server set allow radarLateralDistance options: 512
[23:23:36] [Render thread/INFO] [InternalStateHandler] Server set allow radarVerticalDistance options: 320
[23:23:36] [Render thread/INFO] [InternalStateHandler] Server set allow maxAnimalsData options: 128
[23:23:36] [Render thread/INFO] [InternalStateHandler] Server set allow maxAmbientCreaturesData options: 128
[23:23:36] [Render thread/INFO] [InternalStateHandler] Server set allow maxMobsData options: 128
[23:23:36] [Render thread/INFO] [InternalStateHandler] Server set allow maxPlayersData options: 128
[23:23:36] [Render thread/INFO] [InternalStateHandler] Server set allow maxVillagersData options: 128
[23:23:36] [Render thread/INFO] [InternalStateHandler] Server set allow playerRadarNamesEnabled options: true
[23:23:36] [Render thread/INFO] [InternalStateHandler] Server set allow minimapEnabled options: true
[23:23:36] [Render thread/INFO] [InternalStateHandler] Server set allow hideCoordinates options: false
[23:23:36] [Render thread/INFO] [InternalStateHandler] Connection initiated with Journeymap Server: true
[23:23:36] [Render thread/INFO] [InternalStateHandler] Teleport Enabled: true
[23:23:36] [Render thread/INFO] [InternalStateHandler] Server set waypointTeleportOnly: false
[23:23:36] [Render thread/INFO] [InternalStateHandler] Server set globalWaypointTeleportOnly: false
[23:23:36] [Render thread/INFO] [InternalStateHandler] Expanded Radar Enabled: true
[23:23:36] [Render thread/INFO] [InternalStateHandler] Server Admin Enabled: true
[23:23:36] [Render thread/INFO] [InternalStateHandler] Server set show in-game beacons: true
[23:23:36] [Render thread/INFO] [InternalStateHandler] Server set waypoints allowed: true
[23:23:36] [Render thread/INFO] [InternalStateHandler] Server set Server Admin read only mode: true
[23:23:36] [Render thread/INFO] [InternalStateHandler] Server set maxSurfaceRenderDistance to: 0
[23:23:36] [Render thread/INFO] [InternalStateHandler] Server setmaxCaveRenderDistance to: 0
[23:23:36] [Render thread/INFO] [InternalStateHandler] Server set allow mutliplayer options: true
[23:23:36] [Render thread/INFO] [InternalStateHandler] Server set globalWaypointsOnly: false
[23:23:36] [Render thread/INFO] [InternalStateHandler] Server set allow radarLateralDistance options: 512
[23:23:36] [Render thread/INFO] [InternalStateHandler] Server set allow radarVerticalDistance options: 320
[23:23:36] [Render thread/INFO] [InternalStateHandler] Server set allow maxAnimalsData options: 128
[23:23:36] [Render thread/INFO] [InternalStateHandler] Server set allow maxAmbientCreaturesData options: 128
[23:23:36] [Render thread/INFO] [InternalStateHandler] Server set allow maxMobsData options: 128
[23:23:36] [Render thread/INFO] [InternalStateHandler] Server set allow maxPlayersData options: 128
[23:23:36] [Render thread/INFO] [InternalStateHandler] Server set allow maxVillagersData options: 128
[23:23:36] [Render thread/INFO] [InternalStateHandler] Server set allow playerRadarNamesEnabled options: true
[23:23:36] [Render thread/INFO] [InternalStateHandler] Server set allow minimapEnabled options: true
[23:23:36] [Render thread/INFO] [InternalStateHandler] Server set allow hideCoordinates options: false
[23:24:37] [Render thread/INFO] [TextureCache] [JourneyMap]: Purging Theme Images
[23:24:37] [Render thread/INFO] [TextureCache] [JourneyMap]: Purging Region Images
[23:24:37] [Render thread/INFO] [TextureCache] [JourneyMap]: Purging Mob Icon Images
[23:24:37] [Render thread/INFO] [WaypointGroupStore] Loaded 0 waypoint groups from disk.
[23:24:37] [Render thread/INFO] [WaypointStore] Loaded 0 waypoints from disk.
[23:24:37] [Render thread/INFO] [LegacyWaypointFileMigrator] 0 Legacy waypoints found that need to be migrated and backed up.
[23:24:37] [Render thread/INFO] [WaypointHandler] WaypointBackend selected: Server (was=null, shouldBeRemote=true, isJMServer=true, serverManagedWP=true, isServerManagedWaypointConnection=true, hasSingleplayerServer=false)
[23:24:37] [Render thread/INFO] [JourneymapClient] Mapping halted in C:\Users\schul\AppData\Roaming\PrismLauncher\instances\GemodedIstGeilV2\minecraft\journeymap\data\mp\Minecraft~Server_f0912d47~2964~45ec~aa63~0f8e1d6ccf93\minecraft:overworld
[23:24:37] [Render thread/INFO] [JourneymapClient] Mapping halted in C:\Users\schul\AppData\Roaming\PrismLauncher\instances\GemodedIstGeilV2\minecraft\journeymap\data\mp\Minecraft~Server_f0912d47~2964~45ec~aa63~0f8e1d6ccf93\minecraft:overworld
[23:24:37] [Render thread/INFO] [WaypointHandler] WaypointBackend selected: Client (was=Server, shouldBeRemote=false, isJMServer=false, serverManagedWP=false, isServerManagedWaypointConnection=false, hasSingleplayerServer=false)
[23:24:37] [Render thread/INFO] [JourneymapClient] World UID is set to: null
